// Jest Snapshot v1, https://goo.gl/fbAQLP

exports[`Form normal case renders correctly 1`] = `
<RCTScrollView
  style={Object {}}
>
  <View>
    <View>
      <TextInput
        allowFontScaling={true}
        emali={true}
        name="email"
        required={true}
        value=""
      />
    </View>
    <View>
      <TextInput
        allowFontScaling={true}
        name="password"
        value=""
      />
    </View>
    <View
      accessibilityComponentType="button"
      accessibilityTraits={
        Array [
          "button",
        ]
      }
      accessible={true}
      isTVSelectable={true}
      onResponderGrant={[Function]}
      onResponderMove={[Function]}
      onResponderRelease={[Function]}
      onResponderTerminate={[Function]}
      onResponderTerminationRequest={[Function]}
      onStartShouldSetResponder={[Function]}
      style={
        Object {
          "opacity": 1,
        }
      }
    >
      <View
        style={
          Array [
            Object {},
          ]
        }
      >
        <Text
          accessible={true}
          allowFontScaling={true}
          ellipsizeMode="tail"
          style={
            Array [
              Object {
                "color": "#007AFF",
                "fontSize": 18,
                "padding": 8,
                "textAlign": "center",
              },
            ]
          }
        >
          submit
        </Text>
      </View>
    </View>
  </View>
</RCTScrollView>
`;
